/file/read-case "../mesh70mm_1.2mil.msh"

/define/operating-conditions/gravity yes 0 -9.81 0
/define/operating-conditions/operating-pressure 0
/define/operating-conditions/operating-temperature 370.15
/define/operating-conditions/reference-pressure-location 0 0.08 0
/define/models/energy yes no no no yes
/define/models/unsteady-1st-order? yes 
/define/materials/data-base/database-type fluent-database 
/define/materials/copy/fluid water-liquid
/define/materials/copy/fluid water-vapor
/define/materials/copy/solid copper
/define/boundary-conditions/fluid fluid yes water-liquid no no no no 0 no 0 no 0 no 0 no 0 no 1 no no no no no no
/define/boundary-conditions/solid solid yes copper no no no no 0 no 0 no 0 no 0 no 0 no 1 no no no
/define/boundary-conditions/wall wall_winglet 0 no 0 yes copper no no no no no no 0 no 0.5 no 1
/define/boundary-conditions/wall wall_btm_h 0 no 0 yes copper no no no no no no 0 no 0.5 no 1
/define/boundary-conditions/wall wall_top 0 no 0 yes copper no no 0 no no no no no 0 no 0.5 no 1
/define/boundary-conditions/wall wall_btm_uh 0 no 0 yes copper no no 0 no no no no no 0 no 0.5 no 1
/define/boundary-conditions/wall wall_btm_outlet_uh 0 no 0 yes copper no no 0 no no no no no 0 no 0.5 no 1
/define/boundary-conditions/wall wall_heated 0 no 0 yes copper no no 0 no no 0.5
/define/boundary-conditions/wall wall_adiabatic_back 0 no 0 yes copper no no 0 no no 0.5
/define/boundary-conditions/wall wall_adiabatic_front 0 no 0 yes copper no no 0 no no 0.5
/define/materials/delete air
/define/materials/delete aluminum
;;TURN ON MULTIPHASE
/define/models/multiphase/model eulerian
/define/models/multiphase/sub-models/boiling yes 
/define/models/multiphase/sub-models/boiling-options/options yes 
/define/models/multiphase/volume-fraction-parameters/formulation implicit
;;
/define/phases/set-domain-properties/change-phases-names vapour liquid 
/define/phases/set-domain-properties/phase-domains/liquid/material yes water-liquid 
/define/phases/set-domain-properties/phase-domains/vapour/material yes water-vapor 
/define/phases/set-domain-properties/phase-domains/vapour/diameter boiling-dia
;; FORCES
/define/phases/set-domain-properties/interaction-domain/forces/drag yes ishii yes wall-drag-enhancement
/define/phases/set-domain-properties/interaction-domain/forces/lift lift yes tomiyama
/define/phases/set-domain-properties/interaction-domain/forces/wall-lubrication yes antal-et-al yes constant -0.01 constant 0.05
/define/phases/set-domain-properties/interaction-domain/forces/turbulent-dispersion yes lopez-de-bertodano yes constant 1 none
/define/phases/set-domain-properties/interaction-domain/forces/virtual-mass virtual-mass yes 
/define/phases/set-domain-properties/interaction-domain/forces/virtual-mass vmass-coeff yes constant 0.5 
/define/phases/set-domain-properties/interaction-domain/forces/virtual-mass vmass-implicit? yes 
/define/phases/set-domain-properties/interaction-domain/forces/virtual-mass vmass-implicit-options yes option-2
/define/phases/set-domain-properties/interaction-domain/forces/turbulence-interaction yes troshko-hassan yes 0.75 0.45
/define/phases/set-domain-properties/interaction-domain/forces/surface-tension sfc-tension-coeff yes constant 0.059
/define/phases/set-domain-properties/interaction-domain/forces/surface-tension sfc-modeling yes 
/define/phases/set-domain-properties/interaction-domain/forces/surface-tension sfc-model-type yes 
;;FOR CONTACT ANGLE
/define/phases/set-domain-properties/interaction-domain/forces/surface-tension wall-adhesion yes 
;;HEAT, MASS, REACTIONS
/define/phases/set-domain-properties/interaction-domain/heat-mass-reactions/mass-transfer 
1 yes liquid vapour boiling yes yes 1 
yes constant 373.15
yes kocamustafaogullari-ishii 
yes cole 
yes kocamustafaogullari-ishii
yes delvalle-kenning 
;TO SET QUENCHING MODEL CORRECTION
yes 1 yes 0 250 370.15
/define/phases/set-domain-properties/interaction-domain/heat-mass-reactions/heat-coeff yes ranz-marshall 
/define/phases/set-domain-properties/interaction-domain/interfacial-area/interfacial-area yes ia-ishii
;;WATER-LIQUID
/define/materials/change-create water-liquid water-liquid 
;CHANGE DENSITY? 
yes piecewise-linear 17 295 997.80744 300 996.55694 305 995.0759 310 993.38363 315 991.49612 320 989.42684 325 987.18715 330 984.78677 335 982.23403 340 979.53607 345 976.6991 350 973.72844 355 970.62872 360 967.4039 365 964.05739 370 960.59206 373.1243 958.3675 
;CHANGE SPECIFIC HEAT?
yes piecewise-linear 17 295 4182.8699 300 4180.6358 305 4179.5162 310 4179.2415 315 4179.6235 320 4180.5348 325 4181.8935 330 4183.6517 335 4185.7864 340 4188.2932 345 4191.1809 350 4194.4673 355 4198.1768 360 4202.3381 365 4206.9823 370 4212.1426 373.1243 4215.6441
;CHANGE THERMAL CONDUCTIVITY? 
yes piecewise-linear 17 295 0.6012364 300 0.60949986 305 0.61715972 310 0.62426975 315 0.6308711 320 0.63699572 325 0.64266895 330 0.64791121 335 0.65273942 340 0.65716789 345 0.66120908 350 0.66487403 355 0.66817277 360 0.67111458 365 0.67370816 370 0.67596173 373.1243 0.6772008
;CHANGE VISCOSITY?
yes piecewise-linear 17 295 0.00095781072 300 0.00085374249 305 0.00076679152 310 0.00069332916 315 0.00063065572 320 0.00057672627 325 0.00052996667 330 0.00048914753 335 0.00045329609 340 0.00042163356 345 0.00039352974 350 0.00036846977 355 0.00034602926 360 0.00032585562 365 0.00030765376 370 0.00029117505 373.1243 0.00028165796
;CHANGE MOLECULAR WEIGHT? 
no
;CHANGE STANDARD STATE ENTHALPY?
yes 0 
;CHANGE REFERENCE TEMPERATURE?
yes 373.12
;CHANGE THERMAL EXPANSION COEFFICIENT?
no
;CHANGE SPEED OF SOUND?
no
/define/materials/change-create water-vapor water-vapor 
;DENSITY?
yes constant 0.5976568 
;SPECIFIC HEAT?
yes constant 2079.937
;THERMAL CONDUCTIVITY?
yes constant 0.024567736
;VISCOSITY?
yes constant 0.000012231
;MOLECULAR WEIGHT?
no
;STANDARD STATE ENTHALPY?
yes 40651012.69
;REFERENCE TEMPERATURE?
yes 373.13
;THERMAL EXPANSION?
no
;SPEED OF SOUND?
no
;;SET BOUNDARY CONDITIONS
;;;INLET
/define/boundary-conditions/velocity-inlet inlet mixture no 0 no no no yes 5 0.1090909
/define/boundary-conditions/velocity-inlet inlet liquid no no yes yes no 1 no 370.15
/define/boundary-conditions/velocity-inlet inlet vapour no no yes yes no 1 no 373.15 no 0
;;;OUTLET
/define/boundary-conditions/pressure-outlet outlet mixture no "101325 [Pa] + (Density(phase='liquid')*g*(0.08 [m] - Position.y))" no yes no no no yes 5 0.1090909 no 
/define/boundary-conditions/pressure-outlet outlet liquid no 370.15 
/define/boundary-conditions/pressure-outlet outlet vapour no 373.15 yes no 0
;;;WALLS
/define/boundary-conditions/wall wall_btm_h mixture 0 no 0 no no no no no no 0 no 0.5 no 86 no 1
/define/boundary-conditions/wall wall_btm_outlet_uh mixture 0 no 0 no no no 0 no no no no 0 no 0.5 no 86 no 1
/define/boundary-conditions/wall wall_btm_uh mixture 0 no 0 no no no 0 no no no no 0 no 0.5 no 86 no 1  
;;;ADD HEAT
/define/boundary-conditions/wall wall_heated mixture 0 no 0 no no no 000000 no no 0.5
;;;;
/solve/monitors/residual/plot? no 
/solve/set/advanced/correction-form yes
/solve/set/advanced/energy-numerical-noise-filter yes 
/solve/set/amg-options/aggressive-amg-coarsening? yes yes 
/solve/set/amg-options/conservative-amg-coarsening? yes yes 
/solve/set/amg-options/laplace-coarsening? no no 
/solve/set/multi-grid-amg 40 2 1 2 30 "gauss-seidel" 40 8 1 3 10 "ilu" 30 50 0
/solve/set/multi-grid-controls/k 0 0.1 0.7
/solve/set/multi-grid-controls/omega 0 0.1 0.7
/solve/set/multi-grid-controls/mp 0 0.1 0.7
/solve/set/multi-grid-controls/pressure 3 0.001 1
/solve/set/multi-grid-controls/temperature 3 0.1
/solve/set/multi-grid-controls/x-mom 0 0.1 0.7
/solve/set/multi-grid-controls/y-mom 0 0.1 0.7
/solve/set/multi-grid-controls/z-mom 0 0.1 0.7
/solve/set/numerics yes yes yes 0.75
/solve/set/multiphase-numerics/boiling-parameters/liquid-vof-factor yes
/solve/set/p-v-coupling 23 no
;;
/solve/set/poor-mesh-numerics/enable? yes 1 
/solve/set/poor-mesh-numerics/cell-quality-based? yes 
/solve/set/poor-mesh-numerics/gradient-quality-based? yes 0.2
/solve/set/poor-mesh-numerics/orthogonality-enhancing-cell-centroids? no
/solve/set/poor-mesh-numerics/reset-poor-elements? no
/solve/set/poor-mesh-numerics/set-quality-threshold 0.05
/solve/set/poor-mesh-numerics/solution-and-quality-based? yes 0.2 5
/solve/set/surface-tension yes 4 0.5 yes
/solve/set/under-relaxation/body-force 0.5
/solve/set/under-relaxation/cvt 1 
/solve/set/under-relaxation/density 0.6
/solve/set/under-relaxation/omega 0.3
/solve/set/under-relaxation/k 0.3
/solve/set/under-relaxation/mom 0.2
/solve/set/under-relaxation/mp 0.3
/solve/set/under-relaxation/pressure 0.6
/solve/set/under-relaxation/temperature 0.95
/solve/set/under-relaxation/turb-viscosity 0.6
/solve/set/warped-face-gradient-correction/enable? yes yes 
/solve/initialize/set-defaults/liquid/temperature 370.15
/solve/initialize/set-defaults/liquid/x-velocity 1
/solve/initialize/set-defaults/liquid/y-velocity 0
/solve/initialize/set-defaults/liquid/z-velocity 0
/solve/initialize/set-defaults/vapour/temperature 370.15
/solve/initialize/set-defaults/vapour/x-velocity 1
/solve/initialize/set-defaults/vapour/y-velocity 0
/solve/initialize/set-defaults/vapour/z-velocity 0
/solve/initialize/set-defaults/mixture/k 0.5
/solve/initialize/set-defaults/mixture/omega 1620
/solve/initialize/set-defaults/mixture/pressure 1000
/solve/set/transient-controls/time-step-size 0.005
/solve/set/transient-controls/max-iterations-per-time-step 30
/solve/set/transient-controls/number-of-time-steps 10000
/solve/set/limits 1 500000000 350 450 1e-14 9.999999999999999e-21 100000 1e-4
;;INITIALIZE AND RUN